exports[`test should render 1`] = `
<div
  className="search-navigator-facet-box"
  data-property="foo">
  <div />
</div>
`;
