exports[`test should render 1`] = `
<div
  className="search-navigator-facet-list">
  <div />
</div>
`;
