p = 4;
x = array1d(1..8, [0, 4, 8, 12, 16, 20, 24, 28]);
----------
==========