club1 = 125;
club2 = 150;
z = 26;
holes = array2d(1..9, 1..2, [0, 1, 0, 2, 2, 0, -1, 3, 1, 1, 4, -1, 3, -1, 2, 1, 1, 2]);
----------
==========