x = array1d(1..12, [6, 7, 8, 11, 12, 1, 2, 3, 4, 5, 9, 10]);
----------