series = array1d(0..11, [3, 5, 7, 0, 11, 1, 10, 2, 8, 4, 9, 6]);
----------