X = 4.61052631578930;
Y = 3.24210526315767;
Ex = array1d(1..19, [-4.61052631578930, -4.11052631578930, -3.61052631578930, -3.11052631578930, -2.71052631578930, -2.11052631578930, -1.61052631578930, -1.11052631578930, -0.61052631578930, -0.11052631578930, 0.38947368421070, 0.88947368421070, 1.38947368421070, 1.98947368421070, 2.38947368421070, 2.98947368421070, 3.88947368421070, 4.38947368421070, 5.38947368421070]);
Ey = array1d(1..19, [-2.24210526315767, -2.34210526315767, -2.54210526315767, -1.74210526315767, -1.24210526315767, -0.84210526315767, -0.04210526315767, -1.24210526315767, -0.54210526315767, 0.25789473684233, -2.24210526315767, 0.75789473684233, 0.35789473684233, -0.54210526315767, 2.45789473684233, 1.35789473684233, 2.75789473684233, 3.55789473684233, 4.05789473684233]);
----------
