r = array1d(1..10, [1, 1, 2, 2, 2, 3, 3, 4, 3, 4]);
c = array1d(1..10, [3, 1, 4, 1, 2, 1, 2, 4, 3, 2]);
----------
==========