x = array1d(7..23, [0, 2, 0, 0, 0, 0, 0, 1, 2, 0, 1, 1, 1, 1, 1, 2, 3]);
dists = array1d(1..3, [51, 7, 0]);
----------
==========