produce = array2d(1..4, 1..4, [4, 0, 5, 2, 0, 3, 5, 0, 4, 3, 0, 4, 4, 3, 0, 4]);
----------
==========