a = 2;
b = 5;
c = 8;
d = 6;
e = 3;
f = 1;
g = 4;
h = 7;
----------