task = array1d(1..4, [4, 3, 1, 6]);
----------
==========