x = array1d(1..8, [2, 5, 8, 6, 3, 1, 4, 7]);
----------