z = 1.0570725653040005;
y = array1d(1..5, [3, 1, 2, 4, 3]);
profit = array1d(1..5, [0.0098, 0.7779, 0.01125, 12325.44, 3.010477200859896E-11]);
----------
==========