z = 1.0000159626915073;
y = array1d(1..5, [2, 1, 3, 4, 2]);
profit = array1d(1..5, [1.06477, 122.7899346634758, 2.5317143532162E-5, 302.1159499234577, 4.385261801809389E-12]);
----------
==========