bins = array1d(1..3, [1, 2, 1]);
weights = array1d(1..3, [4, 3, 1]);
----------