x = array1d(1..12, [1, 3, 4, 7, 5, 8, 11, 9, 12, 10, 6, 2]);
----------