Width = 38;
Height = 22;
Area = 836;
X = array1d(1..13, [32, 25, 25, 28, 33, 32, 25, 19, 10, 0, 27, 0, 12]);
Y = array1d(1..13, [6, 10, 7, 7, 6, 0, 0, 14, 13, 12, 11, 0, 0]);
----------
