start = array1d(1..9, [18, 2, 0, 26, 42, 44, 20, 22, 100]);
end = array1d(1..9, [26, 18, 8, 42, 50, 68, 28, 38, 100]);
channel = array1d(1..9, [1, 1, 1, 1, 1, 1, 1, 1, 1]);
next = array1d(1..8, [7, 1, 2, 5, 6, 9, 8, 4]);
----------
==========