x = array2d(1..4, 1..4, [0, 33, 22, 11, 21, 12, 3, 30, 13, 20, 31, 2, 32, 1, 10, 23]);
----------