pdiff = 9;
driver = array1d(1..20, [2, 1, 3, 3, 3, 2, 1, 3, 4, 4, 5, 5, 3, 4, 4, 6, 5, 3, 4, 4]);
num_drives = array1d(1..6, [2, 2, 6, 6, 3, 1]);
diffs = array1d(1..6, [1, 0, 1, 0, 0, 1]);
----------
==========