pdiff = 16;
driver = array1d(1..20, [2, 5, 4, 7, 7, 2, 3, 4, 7, 3, 6, 1, 4, 3, 8, 6, 1, 5, 8, 8]);
num_drives = array1d(1..8, [2, 2, 3, 3, 2, 2, 3, 3]);
diffs = array1d(1..8, [0, 0, 1, 1, 0, 0, 1, 1]);
----------
==========