pdiff = 4;
driver = array1d(1..20, [1, 3, 2, 3, 3, 1, 3, 2, 4, 4, 1, 3, 2, 4, 4, 3, 3, 3, 4, 4]);
num_drives = array1d(1..4, [3, 3, 8, 6]);
diffs = array1d(1..4, [1, 0, 0, 1]);
----------
==========