pdiff = 4;
driver = array1d(1..10, [1, 3, 2, 3, 4, 1, 3, 2, 4, 4]);
num_drives = array1d(1..4, [2, 2, 3, 3]);
diffs = array1d(1..4, [0, 0, 1, 1]);
----------
==========