total = 125;
x = array2d(1..3, 1..3, [1, 0, 0, 0, 0, 1, 0, 0, 1]);
----------
==========