x = array2d(1..7, 1..7, [1, 0, 0, 0, 0, 1, 1, 1, 0, 0, 1, 1, 0, 0, 1, 1, 1, 0, 0, 0, 0, 0, 0, 1, 0, 1, 0, 1, 0, 0, 1, 1, 0, 1, 0, 0, 1, 0, 0, 1, 1, 0, 0, 1, 0, 1, 0, 0, 1]);
judges_where = array1d(1..7, [1..3, {3, 6, 7}, 3..5, {2, 5, 7}, {2, 4, 6}, {1, 5, 6}, {1, 4, 7}]);
----------
