arthur = 6;
bella = 3;
craig = 4;
duncan = 5;
elizabeth = 1;
francesca = 2;
----------