s = array1d(1..6, [0.38941508385684, 0.62614062051285, 0.60790023402721, 0.87587767052086, 0.93799830501914, 0.94238784953291]);
c = array1d(1..6, [0.92106237164742, 0.77971015341842, 0.79401341642926, 0.48253321780262, 0.34663984159530, 0.33452225793322]);
----------
